// Jest Snapshot v1, https://goo.gl/fbAQLP

exports[`Storyshots App with thumb 1`] = `
<div>
  <div
    className="App"
  >
    <header
      className="App-header"
    >
      <img
        alt="logo"
        className="App-logo"
        src="logo.svg"
      />
      <h1
        className="App-title"
      >
        Welcome to React
      </h1>
    </header>
  </div>
  <section>
    <header
      className="PhotoStoriesView-header"
    >
      <h1
        className="PhotoStoriesView-title"
      >
        Photo stories
      </h1>
    </header>
    <div
      className="PhotoStoriesView-content"
    >
      <div
        className="Spinner--container"
      >
        <div
          className="Spinner"
        >
          Loading...
        </div>
      </div>
    </div>
  </section>
</div>
`;

exports[`Storyshots Image default 1`] = `
<img
  alt="crazy cat!"
  height="auto"
  src="https://media.giphy.com/media/JIX9t2j0ZTN9S/giphy.gif"
  width="auto"
/>
`;

exports[`Storyshots Image loading 1`] = `
<div
  className="Spinner--container"
>
  <div
    className="Spinner"
  >
    Loading...
  </div>
</div>
`;

exports[`Storyshots Image with image 1`] = `
<img
  alt="crazy cat!"
  height="100%"
  src="https://media.giphy.com/media/JIX9t2j0ZTN9S/giphy.gif"
  width="100%"
/>
`;

exports[`Storyshots Modal default 1`] = `
Array [
  <button
    className="Modal-close"
    onClick={[Function]}
>
    X
</button>,
  <div
    className="Modal"
>
    <div
        className="Modal-content"
    >
        <img
            alt="crazy cat!"
            height="auto"
            src="https://media.giphy.com/media/JIX9t2j0ZTN9S/giphy.gif"
            width="auto"
        />
    </div>
</div>,
  <div
    className="Modal-overlay"
/>,
]
`;

exports[`Storyshots Photo Stories View empty 1`] = `
<section>
  <header
    className="PhotoStoriesView-header"
  >
    <h1
      className="PhotoStoriesView-title"
    >
      Photo stories
    </h1>
  </header>
  <div
    className="PhotoStoriesView-content"
  >
    <span
      className="PhotoStoriesView__List-empty"
    >
      No Stories... Game over :(
    </span>
  </div>
</section>
`;

exports[`Storyshots Photo Stories View loading 1`] = `
<section>
  <header
    className="PhotoStoriesView-header"
  >
    <h1
      className="PhotoStoriesView-title"
    >
      Photo stories
    </h1>
  </header>
  <div
    className="PhotoStoriesView-content"
  >
    <div
      className="Spinner--container"
    >
      <div
        className="Spinner"
      >
        Loading...
      </div>
    </div>
  </div>
</section>
`;

exports[`Storyshots Photo Stories View with items 1`] = `
<section>
  <header
    className="PhotoStoriesView-header"
  >
    <h1
      className="PhotoStoriesView-title"
    >
      Photo stories
    </h1>
  </header>
  <div
    className="PhotoStoriesView-content"
  >
    <div
      className="PhotoStoriesView__List-items"
    >
      <div
        className="PhotoStoriesView__List-item"
      >
        <div
          className="Photo"
          onMouseEnter={[Function]}
          onMouseLeave={[Function]}
        >
          <div
            className="Photo-thumb"
            onClick={[Function]}
          >
            <img
              alt="crazy cat!"
              height={200}
              src="https://media.giphy.com/media/mlvseq9yvZhba/giphy.gif"
              width={200}
            />
            <figcaption
              className="Photo-description"
            >
              crazy cat!
            </figcaption>
          </div>
        </div>
      </div>
      <div
        className="PhotoStoriesView__List-item"
      >
        <div
          className="Photo"
          onMouseEnter={[Function]}
          onMouseLeave={[Function]}
        >
          <div
            className="Photo-thumb"
            onClick={[Function]}
          >
            <img
              alt="crazy cat!"
              height={200}
              src="https://media.giphy.com/media/mlvseq9yvZhba/giphy.gif"
              width={200}
            />
            <figcaption
              className="Photo-description"
            >
              crazy cat!
            </figcaption>
          </div>
        </div>
      </div>
      <div
        className="PhotoStoriesView__List-item"
      >
        <div
          className="Photo"
          onMouseEnter={[Function]}
          onMouseLeave={[Function]}
        >
          <div
            className="Photo-thumb"
            onClick={[Function]}
          >
            <img
              alt="crazy cat!"
              height={200}
              src="https://media.giphy.com/media/mlvseq9yvZhba/giphy.gif"
              width={200}
            />
            <figcaption
              className="Photo-description"
            >
              crazy cat!
            </figcaption>
          </div>
        </div>
      </div>
      <div
        className="PhotoStoriesView__List-item"
      >
        <div
          className="Photo"
          onMouseEnter={[Function]}
          onMouseLeave={[Function]}
        >
          <div
            className="Photo-thumb"
            onClick={[Function]}
          >
            <img
              alt="crazy cat!"
              height={200}
              src="https://media.giphy.com/media/mlvseq9yvZhba/giphy.gif"
              width={200}
            />
            <figcaption
              className="Photo-description"
            >
              crazy cat!
            </figcaption>
          </div>
        </div>
      </div>
      <div
        className="PhotoStoriesView__List-item"
      >
        <div
          className="Photo"
          onMouseEnter={[Function]}
          onMouseLeave={[Function]}
        >
          <div
            className="Photo-thumb"
            onClick={[Function]}
          >
            <img
              alt="crazy cat!"
              height={200}
              src="https://media.giphy.com/media/mlvseq9yvZhba/giphy.gif"
              width={200}
            />
            <figcaption
              className="Photo-description"
            >
              crazy cat!
            </figcaption>
          </div>
        </div>
      </div>
      <div
        className="PhotoStoriesView__List-item"
      >
        <div
          className="Photo"
          onMouseEnter={[Function]}
          onMouseLeave={[Function]}
        >
          <div
            className="Photo-thumb"
            onClick={[Function]}
          >
            <img
              alt="crazy cat!"
              height={200}
              src="https://media.giphy.com/media/mlvseq9yvZhba/giphy.gif"
              width={200}
            />
            <figcaption
              className="Photo-description"
            >
              crazy cat!
            </figcaption>
          </div>
        </div>
      </div>
      <div
        className="PhotoStoriesView__List-item"
      >
        <div
          className="Photo"
          onMouseEnter={[Function]}
          onMouseLeave={[Function]}
        >
          <div
            className="Photo-thumb"
            onClick={[Function]}
          >
            <img
              alt="crazy cat!"
              height={200}
              src="https://media.giphy.com/media/mlvseq9yvZhba/giphy.gif"
              width={200}
            />
            <figcaption
              className="Photo-description"
            >
              crazy cat!
            </figcaption>
          </div>
        </div>
      </div>
      <div
        className="PhotoStoriesView__List-item"
      >
        <div
          className="Photo"
          onMouseEnter={[Function]}
          onMouseLeave={[Function]}
        >
          <div
            className="Photo-thumb"
            onClick={[Function]}
          >
            <img
              alt="crazy cat!"
              height={200}
              src="https://media.giphy.com/media/mlvseq9yvZhba/giphy.gif"
              width={200}
            />
            <figcaption
              className="Photo-description"
            >
              crazy cat!
            </figcaption>
          </div>
        </div>
      </div>
      <div
        className="PhotoStoriesView__List-item"
      >
        <div
          className="Photo"
          onMouseEnter={[Function]}
          onMouseLeave={[Function]}
        >
          <div
            className="Photo-thumb"
            onClick={[Function]}
          >
            <img
              alt="crazy cat!"
              height={200}
              src="https://media.giphy.com/media/mlvseq9yvZhba/giphy.gif"
              width={200}
            />
            <figcaption
              className="Photo-description"
            >
              crazy cat!
            </figcaption>
          </div>
        </div>
      </div>
      <div
        className="PhotoStoriesView__List-item"
      >
        <div
          className="Photo"
          onMouseEnter={[Function]}
          onMouseLeave={[Function]}
        >
          <div
            className="Photo-thumb"
            onClick={[Function]}
          >
            <img
              alt="crazy cat!"
              height={200}
              src="https://media.giphy.com/media/mlvseq9yvZhba/giphy.gif"
              width={200}
            />
            <figcaption
              className="Photo-description"
            >
              crazy cat!
            </figcaption>
          </div>
        </div>
      </div>
      <div
        className="PhotoStoriesView__List-item"
      >
        <div
          className="Photo"
          onMouseEnter={[Function]}
          onMouseLeave={[Function]}
        >
          <div
            className="Photo-thumb"
            onClick={[Function]}
          >
            <img
              alt="crazy cat!"
              height={200}
              src="https://media.giphy.com/media/mlvseq9yvZhba/giphy.gif"
              width={200}
            />
            <figcaption
              className="Photo-description"
            >
              crazy cat!
            </figcaption>
          </div>
        </div>
      </div>
      <div
        className="PhotoStoriesView__List-item"
      >
        <div
          className="Photo"
          onMouseEnter={[Function]}
          onMouseLeave={[Function]}
        >
          <div
            className="Photo-thumb"
            onClick={[Function]}
          >
            <img
              alt="crazy cat!"
              height={200}
              src="https://media.giphy.com/media/mlvseq9yvZhba/giphy.gif"
              width={200}
            />
            <figcaption
              className="Photo-description"
            >
              crazy cat!
            </figcaption>
          </div>
        </div>
      </div>
      <div
        className="PhotoStoriesView__List-item"
      >
        <div
          className="Photo"
          onMouseEnter={[Function]}
          onMouseLeave={[Function]}
        >
          <div
            className="Photo-thumb"
            onClick={[Function]}
          >
            <img
              alt="crazy cat!"
              height={200}
              src="https://media.giphy.com/media/mlvseq9yvZhba/giphy.gif"
              width={200}
            />
            <figcaption
              className="Photo-description"
            >
              crazy cat!
            </figcaption>
          </div>
        </div>
      </div>
      <div
        className="PhotoStoriesView__List-item"
      >
        <div
          className="Photo"
          onMouseEnter={[Function]}
          onMouseLeave={[Function]}
        >
          <div
            className="Photo-thumb"
            onClick={[Function]}
          >
            <img
              alt="crazy cat!"
              height={200}
              src="https://media.giphy.com/media/mlvseq9yvZhba/giphy.gif"
              width={200}
            />
            <figcaption
              className="Photo-description"
            >
              crazy cat!
            </figcaption>
          </div>
        </div>
      </div>
      <div
        className="PhotoStoriesView__List-item"
      >
        <div
          className="Photo"
          onMouseEnter={[Function]}
          onMouseLeave={[Function]}
        >
          <div
            className="Photo-thumb"
            onClick={[Function]}
          >
            <img
              alt="crazy cat!"
              height={200}
              src="https://media.giphy.com/media/mlvseq9yvZhba/giphy.gif"
              width={200}
            />
            <figcaption
              className="Photo-description"
            >
              crazy cat!
            </figcaption>
          </div>
        </div>
      </div>
      <div
        className="PhotoStoriesView__List-item"
      >
        <div
          className="Photo"
          onMouseEnter={[Function]}
          onMouseLeave={[Function]}
        >
          <div
            className="Photo-thumb"
            onClick={[Function]}
          >
            <img
              alt="crazy cat!"
              height={200}
              src="https://media.giphy.com/media/mlvseq9yvZhba/giphy.gif"
              width={200}
            />
            <figcaption
              className="Photo-description"
            >
              crazy cat!
            </figcaption>
          </div>
        </div>
      </div>
      <div
        className="PhotoStoriesView__List-item"
      >
        <div
          className="Photo"
          onMouseEnter={[Function]}
          onMouseLeave={[Function]}
        >
          <div
            className="Photo-thumb"
            onClick={[Function]}
          >
            <img
              alt="crazy cat!"
              height={200}
              src="https://media.giphy.com/media/mlvseq9yvZhba/giphy.gif"
              width={200}
            />
            <figcaption
              className="Photo-description"
            >
              crazy cat!
            </figcaption>
          </div>
        </div>
      </div>
      <div
        className="PhotoStoriesView__List-item"
      >
        <div
          className="Photo"
          onMouseEnter={[Function]}
          onMouseLeave={[Function]}
        >
          <div
            className="Photo-thumb"
            onClick={[Function]}
          >
            <img
              alt="crazy cat!"
              height={200}
              src="https://media.giphy.com/media/mlvseq9yvZhba/giphy.gif"
              width={200}
            />
            <figcaption
              className="Photo-description"
            >
              crazy cat!
            </figcaption>
          </div>
        </div>
      </div>
      <div
        className="PhotoStoriesView__List-item"
      >
        <div
          className="Photo"
          onMouseEnter={[Function]}
          onMouseLeave={[Function]}
        >
          <div
            className="Photo-thumb"
            onClick={[Function]}
          >
            <img
              alt="crazy cat!"
              height={200}
              src="https://media.giphy.com/media/mlvseq9yvZhba/giphy.gif"
              width={200}
            />
            <figcaption
              className="Photo-description"
            >
              crazy cat!
            </figcaption>
          </div>
        </div>
      </div>
      <div
        className="PhotoStoriesView__List-item"
      >
        <div
          className="Photo"
          onMouseEnter={[Function]}
          onMouseLeave={[Function]}
        >
          <div
            className="Photo-thumb"
            onClick={[Function]}
          >
            <img
              alt="crazy cat!"
              height={200}
              src="https://media.giphy.com/media/mlvseq9yvZhba/giphy.gif"
              width={200}
            />
            <figcaption
              className="Photo-description"
            >
              crazy cat!
            </figcaption>
          </div>
        </div>
      </div>
      <div
        className="PhotoStoriesView__List-item"
      >
        <div
          className="Photo"
          onMouseEnter={[Function]}
          onMouseLeave={[Function]}
        >
          <div
            className="Photo-thumb"
            onClick={[Function]}
          >
            <img
              alt="crazy cat!"
              height={200}
              src="https://media.giphy.com/media/mlvseq9yvZhba/giphy.gif"
              width={200}
            />
            <figcaption
              className="Photo-description"
            >
              crazy cat!
            </figcaption>
          </div>
        </div>
      </div>
      <div
        className="PhotoStoriesView__List-item"
      >
        <div
          className="Photo"
          onMouseEnter={[Function]}
          onMouseLeave={[Function]}
        >
          <div
            className="Photo-thumb"
            onClick={[Function]}
          >
            <img
              alt="crazy cat!"
              height={200}
              src="https://media.giphy.com/media/mlvseq9yvZhba/giphy.gif"
              width={200}
            />
            <figcaption
              className="Photo-description"
            >
              crazy cat!
            </figcaption>
          </div>
        </div>
      </div>
      <div
        className="PhotoStoriesView__List-item"
      >
        <div
          className="Photo"
          onMouseEnter={[Function]}
          onMouseLeave={[Function]}
        >
          <div
            className="Photo-thumb"
            onClick={[Function]}
          >
            <img
              alt="crazy cat!"
              height={200}
              src="https://media.giphy.com/media/mlvseq9yvZhba/giphy.gif"
              width={200}
            />
            <figcaption
              className="Photo-description"
            >
              crazy cat!
            </figcaption>
          </div>
        </div>
      </div>
      <div
        className="PhotoStoriesView__List-item"
      >
        <div
          className="Photo"
          onMouseEnter={[Function]}
          onMouseLeave={[Function]}
        >
          <div
            className="Photo-thumb"
            onClick={[Function]}
          >
            <img
              alt="crazy cat!"
              height={200}
              src="https://media.giphy.com/media/mlvseq9yvZhba/giphy.gif"
              width={200}
            />
            <figcaption
              className="Photo-description"
            >
              crazy cat!
            </figcaption>
          </div>
        </div>
      </div>
      <div
        className="PhotoStoriesView__List-item"
      >
        <div
          className="Photo"
          onMouseEnter={[Function]}
          onMouseLeave={[Function]}
        >
          <div
            className="Photo-thumb"
            onClick={[Function]}
          >
            <img
              alt="crazy cat!"
              height={200}
              src="https://media.giphy.com/media/mlvseq9yvZhba/giphy.gif"
              width={200}
            />
            <figcaption
              className="Photo-description"
            >
              crazy cat!
            </figcaption>
          </div>
        </div>
      </div>
      <div
        className="PhotoStoriesView__List-item"
      >
        <div
          className="Photo"
          onMouseEnter={[Function]}
          onMouseLeave={[Function]}
        >
          <div
            className="Photo-thumb"
            onClick={[Function]}
          >
            <img
              alt="crazy cat!"
              height={200}
              src="https://media.giphy.com/media/mlvseq9yvZhba/giphy.gif"
              width={200}
            />
            <figcaption
              className="Photo-description"
            >
              crazy cat!
            </figcaption>
          </div>
        </div>
      </div>
      <div
        className="PhotoStoriesView__List-item"
      >
        <div
          className="Photo"
          onMouseEnter={[Function]}
          onMouseLeave={[Function]}
        >
          <div
            className="Photo-thumb"
            onClick={[Function]}
          >
            <img
              alt="crazy cat!"
              height={200}
              src="https://media.giphy.com/media/mlvseq9yvZhba/giphy.gif"
              width={200}
            />
            <figcaption
              className="Photo-description"
            >
              crazy cat!
            </figcaption>
          </div>
        </div>
      </div>
      <div
        className="PhotoStoriesView__List-item"
      >
        <div
          className="Photo"
          onMouseEnter={[Function]}
          onMouseLeave={[Function]}
        >
          <div
            className="Photo-thumb"
            onClick={[Function]}
          >
            <img
              alt="crazy cat!"
              height={200}
              src="https://media.giphy.com/media/mlvseq9yvZhba/giphy.gif"
              width={200}
            />
            <figcaption
              className="Photo-description"
            >
              crazy cat!
            </figcaption>
          </div>
        </div>
      </div>
      <div
        className="PhotoStoriesView__List-item"
      >
        <div
          className="Photo"
          onMouseEnter={[Function]}
          onMouseLeave={[Function]}
        >
          <div
            className="Photo-thumb"
            onClick={[Function]}
          >
            <img
              alt="crazy cat!"
              height={200}
              src="https://media.giphy.com/media/mlvseq9yvZhba/giphy.gif"
              width={200}
            />
            <figcaption
              className="Photo-description"
            >
              crazy cat!
            </figcaption>
          </div>
        </div>
      </div>
      <div
        className="PhotoStoriesView__List-item"
      >
        <div
          className="Photo"
          onMouseEnter={[Function]}
          onMouseLeave={[Function]}
        >
          <div
            className="Photo-thumb"
            onClick={[Function]}
          >
            <img
              alt="crazy cat!"
              height={200}
              src="https://media.giphy.com/media/mlvseq9yvZhba/giphy.gif"
              width={200}
            />
            <figcaption
              className="Photo-description"
            >
              crazy cat!
            </figcaption>
          </div>
        </div>
      </div>
      <div
        className="PhotoStoriesView__List-item"
      >
        <div
          className="Photo"
          onMouseEnter={[Function]}
          onMouseLeave={[Function]}
        >
          <div
            className="Photo-thumb"
            onClick={[Function]}
          >
            <img
              alt="crazy cat!"
              height={200}
              src="https://media.giphy.com/media/mlvseq9yvZhba/giphy.gif"
              width={200}
            />
            <figcaption
              className="Photo-description"
            >
              crazy cat!
            </figcaption>
          </div>
        </div>
      </div>
      <div
        className="PhotoStoriesView__List-item"
      >
        <div
          className="Photo"
          onMouseEnter={[Function]}
          onMouseLeave={[Function]}
        >
          <div
            className="Photo-thumb"
            onClick={[Function]}
          >
            <img
              alt="crazy cat!"
              height={200}
              src="https://media.giphy.com/media/mlvseq9yvZhba/giphy.gif"
              width={200}
            />
            <figcaption
              className="Photo-description"
            >
              crazy cat!
            </figcaption>
          </div>
        </div>
      </div>
      <div
        className="PhotoStoriesView__List-item"
      >
        <div
          className="Photo"
          onMouseEnter={[Function]}
          onMouseLeave={[Function]}
        >
          <div
            className="Photo-thumb"
            onClick={[Function]}
          >
            <img
              alt="crazy cat!"
              height={200}
              src="https://media.giphy.com/media/mlvseq9yvZhba/giphy.gif"
              width={200}
            />
            <figcaption
              className="Photo-description"
            >
              crazy cat!
            </figcaption>
          </div>
        </div>
      </div>
      <div
        className="PhotoStoriesView__List-item"
      >
        <div
          className="Photo"
          onMouseEnter={[Function]}
          onMouseLeave={[Function]}
        >
          <div
            className="Photo-thumb"
            onClick={[Function]}
          >
            <img
              alt="crazy cat!"
              height={200}
              src="https://media.giphy.com/media/mlvseq9yvZhba/giphy.gif"
              width={200}
            />
            <figcaption
              className="Photo-description"
            >
              crazy cat!
            </figcaption>
          </div>
        </div>
      </div>
      <div
        className="PhotoStoriesView__List-item"
      >
        <div
          className="Photo"
          onMouseEnter={[Function]}
          onMouseLeave={[Function]}
        >
          <div
            className="Photo-thumb"
            onClick={[Function]}
          >
            <img
              alt="crazy cat!"
              height={200}
              src="https://media.giphy.com/media/mlvseq9yvZhba/giphy.gif"
              width={200}
            />
            <figcaption
              className="Photo-description"
            >
              crazy cat!
            </figcaption>
          </div>
        </div>
      </div>
      <div
        className="PhotoStoriesView__List-item"
      >
        <div
          className="Photo"
          onMouseEnter={[Function]}
          onMouseLeave={[Function]}
        >
          <div
            className="Photo-thumb"
            onClick={[Function]}
          >
            <img
              alt="crazy cat!"
              height={200}
              src="https://media.giphy.com/media/mlvseq9yvZhba/giphy.gif"
              width={200}
            />
            <figcaption
              className="Photo-description"
            >
              crazy cat!
            </figcaption>
          </div>
        </div>
      </div>
      <div
        className="PhotoStoriesView__List-item"
      >
        <div
          className="Photo"
          onMouseEnter={[Function]}
          onMouseLeave={[Function]}
        >
          <div
            className="Photo-thumb"
            onClick={[Function]}
          >
            <img
              alt="crazy cat!"
              height={200}
              src="https://media.giphy.com/media/mlvseq9yvZhba/giphy.gif"
              width={200}
            />
            <figcaption
              className="Photo-description"
            >
              crazy cat!
            </figcaption>
          </div>
        </div>
      </div>
      <div
        className="PhotoStoriesView__List-item"
      >
        <div
          className="Photo"
          onMouseEnter={[Function]}
          onMouseLeave={[Function]}
        >
          <div
            className="Photo-thumb"
            onClick={[Function]}
          >
            <img
              alt="crazy cat!"
              height={200}
              src="https://media.giphy.com/media/mlvseq9yvZhba/giphy.gif"
              width={200}
            />
            <figcaption
              className="Photo-description"
            >
              crazy cat!
            </figcaption>
          </div>
        </div>
      </div>
      <div
        className="PhotoStoriesView__List-item"
      >
        <div
          className="Photo"
          onMouseEnter={[Function]}
          onMouseLeave={[Function]}
        >
          <div
            className="Photo-thumb"
            onClick={[Function]}
          >
            <img
              alt="crazy cat!"
              height={200}
              src="https://media.giphy.com/media/mlvseq9yvZhba/giphy.gif"
              width={200}
            />
            <figcaption
              className="Photo-description"
            >
              crazy cat!
            </figcaption>
          </div>
        </div>
      </div>
      <div
        className="PhotoStoriesView__List-item"
      >
        <div
          className="Photo"
          onMouseEnter={[Function]}
          onMouseLeave={[Function]}
        >
          <div
            className="Photo-thumb"
            onClick={[Function]}
          >
            <img
              alt="crazy cat!"
              height={200}
              src="https://media.giphy.com/media/mlvseq9yvZhba/giphy.gif"
              width={200}
            />
            <figcaption
              className="Photo-description"
            >
              crazy cat!
            </figcaption>
          </div>
        </div>
      </div>
      <div
        className="PhotoStoriesView__List-item"
      >
        <div
          className="Photo"
          onMouseEnter={[Function]}
          onMouseLeave={[Function]}
        >
          <div
            className="Photo-thumb"
            onClick={[Function]}
          >
            <img
              alt="crazy cat!"
              height={200}
              src="https://media.giphy.com/media/mlvseq9yvZhba/giphy.gif"
              width={200}
            />
            <figcaption
              className="Photo-description"
            >
              crazy cat!
            </figcaption>
          </div>
        </div>
      </div>
      <div
        className="PhotoStoriesView__List-item"
      >
        <div
          className="Photo"
          onMouseEnter={[Function]}
          onMouseLeave={[Function]}
        >
          <div
            className="Photo-thumb"
            onClick={[Function]}
          >
            <img
              alt="crazy cat!"
              height={200}
              src="https://media.giphy.com/media/mlvseq9yvZhba/giphy.gif"
              width={200}
            />
            <figcaption
              className="Photo-description"
            >
              crazy cat!
            </figcaption>
          </div>
        </div>
      </div>
      <div
        className="PhotoStoriesView__List-item"
      >
        <div
          className="Photo"
          onMouseEnter={[Function]}
          onMouseLeave={[Function]}
        >
          <div
            className="Photo-thumb"
            onClick={[Function]}
          >
            <img
              alt="crazy cat!"
              height={200}
              src="https://media.giphy.com/media/mlvseq9yvZhba/giphy.gif"
              width={200}
            />
            <figcaption
              className="Photo-description"
            >
              crazy cat!
            </figcaption>
          </div>
        </div>
      </div>
      <div
        className="PhotoStoriesView__List-item"
      >
        <div
          className="Photo"
          onMouseEnter={[Function]}
          onMouseLeave={[Function]}
        >
          <div
            className="Photo-thumb"
            onClick={[Function]}
          >
            <img
              alt="crazy cat!"
              height={200}
              src="https://media.giphy.com/media/mlvseq9yvZhba/giphy.gif"
              width={200}
            />
            <figcaption
              className="Photo-description"
            >
              crazy cat!
            </figcaption>
          </div>
        </div>
      </div>
      <div
        className="PhotoStoriesView__List-item"
      >
        <div
          className="Photo"
          onMouseEnter={[Function]}
          onMouseLeave={[Function]}
        >
          <div
            className="Photo-thumb"
            onClick={[Function]}
          >
            <img
              alt="crazy cat!"
              height={200}
              src="https://media.giphy.com/media/mlvseq9yvZhba/giphy.gif"
              width={200}
            />
            <figcaption
              className="Photo-description"
            >
              crazy cat!
            </figcaption>
          </div>
        </div>
      </div>
      <div
        className="PhotoStoriesView__List-item"
      >
        <div
          className="Photo"
          onMouseEnter={[Function]}
          onMouseLeave={[Function]}
        >
          <div
            className="Photo-thumb"
            onClick={[Function]}
          >
            <img
              alt="crazy cat!"
              height={200}
              src="https://media.giphy.com/media/mlvseq9yvZhba/giphy.gif"
              width={200}
            />
            <figcaption
              className="Photo-description"
            >
              crazy cat!
            </figcaption>
          </div>
        </div>
      </div>
      <div
        className="PhotoStoriesView__List-item"
      >
        <div
          className="Photo"
          onMouseEnter={[Function]}
          onMouseLeave={[Function]}
        >
          <div
            className="Photo-thumb"
            onClick={[Function]}
          >
            <img
              alt="crazy cat!"
              height={200}
              src="https://media.giphy.com/media/mlvseq9yvZhba/giphy.gif"
              width={200}
            />
            <figcaption
              className="Photo-description"
            >
              crazy cat!
            </figcaption>
          </div>
        </div>
      </div>
      <div
        className="PhotoStoriesView__List-item"
      >
        <div
          className="Photo"
          onMouseEnter={[Function]}
          onMouseLeave={[Function]}
        >
          <div
            className="Photo-thumb"
            onClick={[Function]}
          >
            <img
              alt="crazy cat!"
              height={200}
              src="https://media.giphy.com/media/mlvseq9yvZhba/giphy.gif"
              width={200}
            />
            <figcaption
              className="Photo-description"
            >
              crazy cat!
            </figcaption>
          </div>
        </div>
      </div>
      <div
        className="PhotoStoriesView__List-item"
      >
        <div
          className="Photo"
          onMouseEnter={[Function]}
          onMouseLeave={[Function]}
        >
          <div
            className="Photo-thumb"
            onClick={[Function]}
          >
            <img
              alt="crazy cat!"
              height={200}
              src="https://media.giphy.com/media/mlvseq9yvZhba/giphy.gif"
              width={200}
            />
            <figcaption
              className="Photo-description"
            >
              crazy cat!
            </figcaption>
          </div>
        </div>
      </div>
      <div
        className="PhotoStoriesView__List-item"
      >
        <div
          className="Photo"
          onMouseEnter={[Function]}
          onMouseLeave={[Function]}
        >
          <div
            className="Photo-thumb"
            onClick={[Function]}
          >
            <img
              alt="crazy cat!"
              height={200}
              src="https://media.giphy.com/media/mlvseq9yvZhba/giphy.gif"
              width={200}
            />
            <figcaption
              className="Photo-description"
            >
              crazy cat!
            </figcaption>
          </div>
        </div>
      </div>
    </div>
  </div>
</section>
`;

exports[`Storyshots Photo sample 1`] = `
<div
  className="Photo"
  onMouseEnter={[Function]}
  onMouseLeave={[Function]}
>
  <div
    className="Photo-thumb"
    onClick={[Function]}
  >
    <img
      alt="crazy cat!"
      height={200}
      src="https://media.giphy.com/media/mlvseq9yvZhba/giphy.gif"
      width={200}
    />
    <figcaption
      className="Photo-description"
    >
      crazy cat!
    </figcaption>
  </div>
</div>
`;

exports[`Storyshots Photo with hover 1`] = `
<div
  className="Photo"
  onMouseEnter={[Function]}
  onMouseLeave={[Function]}
>
  <div
    className="Photo-thumb"
    onClick={[Function]}
  >
    <img
      alt="crazy cat!"
      height={200}
      src="https://media.giphy.com/media/mlvseq9yvZhba/giphy.gif"
      width={200}
    />
    <figcaption
      className="Photo-description Photo-description--hover"
    >
      crazy cat!
    </figcaption>
  </div>
</div>
`;

exports[`Storyshots Photo with lightbox 1`] = `
<div
  className="Photo"
  onMouseEnter={[Function]}
  onMouseLeave={[Function]}
>
  <div
    className="Photo-thumb"
    onClick={[Function]}
  >
    <img
      alt="crazy cat!"
      height={200}
      src="https://media.giphy.com/media/mlvseq9yvZhba/giphy.gif"
      width={200}
    />
    <figcaption
      className="Photo-description"
    >
      crazy cat!
    </figcaption>
  </div>
  <button
    className="Modal-close"
    onClick={[Function]}
  >
    X
  </button>
  <div
    className="Modal"
  >
    <div
      className="Modal-content"
    >
      <img
        alt="crazy cat!"
        height={720}
        src="https://media.giphy.com/media/JIX9t2j0ZTN9S/giphy.gif"
        width={720}
      />
    </div>
  </div>
  <div
    className="Modal-overlay"
  />
</div>
`;

exports[`Storyshots Photo with thumb 1`] = `
<div
  className="Photo"
  onMouseEnter={[Function]}
  onMouseLeave={[Function]}
>
  <div
    className="Photo-thumb"
    onClick={[Function]}
  >
    <img
      alt="crazy cat!"
      height={200}
      src="https://media.giphy.com/media/mlvseq9yvZhba/giphy.gif"
      width={200}
    />
    <figcaption
      className="Photo-description"
    >
      crazy cat!
    </figcaption>
  </div>
</div>
`;

exports[`Storyshots Spinner default 1`] = `
<div
  className="Spinner--container"
>
  <div
    className="Spinner"
  >
    Loading...
  </div>
</div>
`;
